---
source: crates/sextant-cli/tests/grade_files.rs
expression: parsed
---
{
  "counts": {
    "error": 1,
    "info": 0,
    "warn": 1
  },
  "findings": [
    {
      "message": "File has 25 lines (threshold: 20). Split this file into smaller modules.",
      "path": "error.rs",
      "rule_id": "builtin.size.file-length",
      "severity": "error"
    },
    {
      "message": "File has 15 lines (threshold: 10). Consider splitting before it grows further.",
      "path": "warn.rs",
      "rule_id": "builtin.size.file-length",
      "severity": "warn"
    }
  ],
  "summary": "1 errors, 1 warnings, 0 info; verdict: REQUEST_CHANGES; top: builtin.size.file-length (error), builtin.size.file-length (warn)",
  "verdict": {
    "kind": "request_changes",
    "reasons": [
      "1 error finding(s) exceeds limit of 0"
    ]
  }
}
